[0m15:14:49.851151 [debug] [MainThread]: Sending event: {'category': 'dbt', 'action': 'invocation', 'label': 'start', 'context': [<snowplow_tracker.self_describing_json.SelfDescribingJson object at 0x00000141DF23A7B0>, <snowplow_tracker.self_describing_json.SelfDescribingJson object at 0x00000141DC149090>, <snowplow_tracker.self_describing_json.SelfDescribingJson object at 0x00000141E17F7C50>]}


============================== 15:14:49.855846 | 64c13d37-0cd0-463b-afef-d277a0fb6fe5 ==============================
[0m15:14:49.855846 [info ] [MainThread]: Running with dbt=1.12.5
[0m15:14:49.856383 [debug] [MainThread]: running dbt with arguments {'static_parser': 'True', 'no_print': 'None', 'maximum_seed_size_mib': '1', 'warn_error_options': 'WarnErrorOptionsV2(error=[], warn=[], silence=[])', 'target_path': 'None', 'version_check': 'True', 'printer_width': '80', 'write_json': 'True', 'empty': 'None', 'log_cache_events': 'False', 'introspect': 'True', 'cache_selected_only': 'False', 'fail_fast': 'False', 'debug': 'False', 'log_format': 'default', 'profiles_dir': 'C:\\Users\\Aditya\\.dbt', 'send_anonymous_usage_stats': 'True', 'quiet': 'False', 'warn_error': 'None', 'partial_parse': 'True', 'invocation_command': 'dbt init dbt_project', 'hints_enabled': 'True', 'use_colors': 'True', 'use_experimental_parser': 'False', 'indirect_selection': 'eager', 'log_path': 'logs'}
[0m15:14:49.887591 [debug] [MainThread]: Starter project path: C:\Users\Aditya\OneDrive\Desktop\Practice\RAG-Quality-Analytics\.venv\Lib\site-packages\dbt\include\starter_project
[0m15:14:49.942709 [info ] [MainThread]: Setting up your profile.
[0m15:14:57.055247 [error] [MainThread]: [[31mERROR[0m]: Encountered an error:
list index out of range
[0m15:14:57.059722 [error] [MainThread]: Traceback (most recent call last):
  File "C:\Users\Aditya\OneDrive\Desktop\Practice\RAG-Quality-Analytics\.venv\Lib\site-packages\dbt\cli\requires.py", line 198, in wrapper
    result, success = func(*args, **kwargs)
                      ~~~~^^^^^^^^^^^^^^^^^
  File "C:\Users\Aditya\OneDrive\Desktop\Practice\RAG-Quality-Analytics\.venv\Lib\site-packages\dbt\cli\requires.py", line 144, in wrapper
    return func(*args, **kwargs)
  File "C:\Users\Aditya\OneDrive\Desktop\Practice\RAG-Quality-Analytics\.venv\Lib\site-packages\dbt\cli\main.py", line 504, in init
    results = task.run()
  File "C:\Users\Aditya\OneDrive\Desktop\Practice\RAG-Quality-Analytics\.venv\Lib\site-packages\dbt\task\init.py", line 363, in run
    self.setup_profile(profile_name)
    ~~~~~~~~~~~~~~~~~~^^^^^^^^^^^^^^
  File "C:\Users\Aditya\OneDrive\Desktop\Practice\RAG-Quality-Analytics\.venv\Lib\site-packages\dbt\task\init.py", line 264, in setup_profile
    adapter = self.ask_for_adapter_choice()
  File "C:\Users\Aditya\OneDrive\Desktop\Practice\RAG-Quality-Analytics\.venv\Lib\site-packages\dbt\task\init.py", line 246, in ask_for_adapter_choice
    return available_adapters[numeric_choice - 1]
           ~~~~~~~~~~~~~~~~~~^^^^^^^^^^^^^^^^^^^^
IndexError: list index out of range

[0m15:14:57.061451 [debug] [MainThread]: Command `dbt init` failed at 15:14:57.061218 after 7.51 seconds
[0m15:14:57.061988 [debug] [MainThread]: Sending event: {'category': 'dbt', 'action': 'invocation', 'label': 'end', 'context': [<snowplow_tracker.self_describing_json.SelfDescribingJson object at 0x00000141E18A2190>, <snowplow_tracker.self_describing_json.SelfDescribingJson object at 0x00000141E1932210>, <snowplow_tracker.self_describing_json.SelfDescribingJson object at 0x00000141E191E580>]}
[0m15:14:57.062507 [debug] [MainThread]: Flushing usage events
[0m15:15:08.526248 [debug] [MainThread]: Sending event: {'category': 'dbt', 'action': 'invocation', 'label': 'start', 'context': [<snowplow_tracker.self_describing_json.SelfDescribingJson object at 0x0000023C0521A7B0>, <snowplow_tracker.self_describing_json.SelfDescribingJson object at 0x0000023C02149090>, <snowplow_tracker.self_describing_json.SelfDescribingJson object at 0x0000023C077D7C50>]}


============================== 15:15:08.537247 | b79f5dd0-84fb-4c7d-87a0-25933c91ff81 ==============================
[0m15:15:08.537247 [info ] [MainThread]: Running with dbt=1.12.5
[0m15:15:08.537966 [debug] [MainThread]: running dbt with arguments {'version_check': 'True', 'no_print': 'None', 'static_parser': 'True', 'warn_error_options': 'WarnErrorOptionsV2(error=[], warn=[], silence=[])', 'target_path': 'None', 'maximum_seed_size_mib': '1', 'printer_width': '80', 'write_json': 'True', 'introspect': 'True', 'log_cache_events': 'False', 'empty': 'None', 'cache_selected_only': 'False', 'fail_fast': 'False', 'debug': 'False', 'log_format': 'default', 'profiles_dir': 'C:\\Users\\Aditya\\.dbt', 'send_anonymous_usage_stats': 'True', 'quiet': 'False', 'warn_error': 'None', 'partial_parse': 'True', 'indirect_selection': 'eager', 'hints_enabled': 'True', 'invocation_command': 'dbt init dbt_project', 'use_experimental_parser': 'False', 'use_colors': 'True', 'log_path': 'logs'}
[0m15:15:08.567537 [info ] [MainThread]: A project called dbt_project already exists here.
[0m15:15:08.570192 [debug] [MainThread]: Command `dbt init` succeeded at 15:15:08.570074 after 0.32 seconds
[0m15:15:08.570499 [debug] [MainThread]: Sending event: {'category': 'dbt', 'action': 'invocation', 'label': 'end', 'context': [<snowplow_tracker.self_describing_json.SelfDescribingJson object at 0x0000023C0787DCD0>, <snowplow_tracker.self_describing_json.SelfDescribingJson object at 0x0000023C07869910>, <snowplow_tracker.self_describing_json.SelfDescribingJson object at 0x0000023C07837AC0>]}
[0m15:15:08.570790 [debug] [MainThread]: Flushing usage events
[0m15:15:11.664649 [debug] [MainThread]: An error was encountered while trying to flush usage events
[0m15:21:26.296782 [debug] [MainThread]: Sending event: {'category': 'dbt', 'action': 'invocation', 'label': 'start', 'context': [<snowplow_tracker.self_describing_json.SelfDescribingJson object at 0x000001C10B2EA7B0>, <snowplow_tracker.self_describing_json.SelfDescribingJson object at 0x000001C108189090>, <snowplow_tracker.self_describing_json.SelfDescribingJson object at 0x000001C10D8A7C50>]}


============================== 15:21:26.308077 | a8f72d11-11be-403c-abfc-7995a76c54ee ==============================
[0m15:21:26.308077 [info ] [MainThread]: Running with dbt=1.12.5
[0m15:21:26.309281 [debug] [MainThread]: running dbt with arguments {'maximum_seed_size_mib': '1', 'no_print': 'None', 'static_parser': 'True', 'warn_error_options': 'WarnErrorOptionsV2(error=[], warn=[], silence=[])', 'target_path': 'None', 'version_check': 'True', 'printer_width': '80', 'write_json': 'True', 'empty': 'None', 'log_cache_events': 'False', 'introspect': 'True', 'cache_selected_only': 'False', 'log_format': 'default', 'debug': 'False', 'fail_fast': 'False', 'partial_parse': 'True', 'send_anonymous_usage_stats': 'True', 'quiet': 'False', 'warn_error': 'None', 'profiles_dir': 'C:\\Users\\Aditya\\.dbt', 'invocation_command': 'dbt parse', 'hints_enabled': 'True', 'indirect_selection': 'eager', 'use_experimental_parser': 'False', 'use_colors': 'True', 'log_path': 'logs'}
[0m15:21:26.310037 [error] [MainThread]: [[31mERROR[0m]: Encountered an error:
Runtime Error
  No dbt_project.yml found at expected path C:\Users\Aditya\OneDrive\Desktop\Practice\RAG-Quality-Analytics\dbt_project.yml
  Verify that each entry within packages.yml (and their transitive dependencies) contains a file named dbt_project.yml
  
[0m15:21:26.311294 [debug] [MainThread]: Command `dbt parse` failed at 15:21:26.311110 after 0.33 seconds
[0m15:21:26.311806 [debug] [MainThread]: Sending event: {'category': 'dbt', 'action': 'invocation', 'label': 'end', 'context': [<snowplow_tracker.self_describing_json.SelfDescribingJson object at 0x000001C10D94C8A0>, <snowplow_tracker.self_describing_json.SelfDescribingJson object at 0x000001C10D935A30>, <snowplow_tracker.self_describing_json.SelfDescribingJson object at 0x000001C10D9079B0>]}
[0m15:21:26.312341 [debug] [MainThread]: Flushing usage events
[0m15:21:29.217943 [debug] [MainThread]: An error was encountered while trying to flush usage events
[0m16:02:14.271159 [debug] [MainThread]: Sending event: {'category': 'dbt', 'action': 'invocation', 'label': 'start', 'context': [<snowplow_tracker.self_describing_json.SelfDescribingJson object at 0x000001CB34FDA7B0>, <snowplow_tracker.self_describing_json.SelfDescribingJson object at 0x000001CB3764BED0>, <snowplow_tracker.self_describing_json.SelfDescribingJson object at 0x000001CB3764BB10>]}


============================== 16:02:14.281114 | 2e2a4345-b4c6-4326-a108-9308713aba08 ==============================
[0m16:02:14.281114 [info ] [MainThread]: Running with dbt=1.12.5
[0m16:02:14.281995 [debug] [MainThread]: running dbt with arguments {'version_check': 'True', 'no_print': 'None', 'maximum_seed_size_mib': '1', 'target_path': 'None', 'warn_error_options': 'WarnErrorOptionsV2(error=[], warn=[], silence=[])', 'static_parser': 'True', 'printer_width': '80', 'write_json': 'True', 'empty': 'False', 'log_cache_events': 'False', 'introspect': 'True', 'cache_selected_only': 'False', 'fail_fast': 'False', 'debug': 'False', 'log_format': 'default', 'profiles_dir': 'C:\\Users\\Aditya\\.dbt', 'send_anonymous_usage_stats': 'True', 'quiet': 'False', 'warn_error': 'None', 'partial_parse': 'True', 'use_colors': 'True', 'hints_enabled': 'True', 'indirect_selection': 'eager', 'use_experimental_parser': 'False', 'invocation_command': 'dbt run', 'log_path': 'logs'}
[0m16:02:14.282687 [error] [MainThread]: [[31mERROR[0m]: Encountered an error:
Runtime Error
  No dbt_project.yml found at expected path C:\Users\Aditya\OneDrive\Desktop\Practice\RAG-Quality-Analytics\dbt_project.yml
  Verify that each entry within packages.yml (and their transitive dependencies) contains a file named dbt_project.yml
  
[0m16:02:14.283733 [debug] [MainThread]: Command `dbt run` failed at 16:02:14.283634 after 0.33 seconds
[0m16:02:14.284008 [debug] [MainThread]: Sending event: {'category': 'dbt', 'action': 'invocation', 'label': 'end', 'context': [<snowplow_tracker.self_describing_json.SelfDescribingJson object at 0x000001CB3767D5B0>, <snowplow_tracker.self_describing_json.SelfDescribingJson object at 0x000001CB37685910>, <snowplow_tracker.self_describing_json.SelfDescribingJson object at 0x000001CB376956A0>]}
[0m16:02:14.284269 [debug] [MainThread]: Flushing usage events
[0m16:02:16.395928 [debug] [MainThread]: An error was encountered while trying to flush usage events
[0m16:11:13.598278 [debug] [MainThread]: Sending event: {'category': 'dbt', 'action': 'invocation', 'label': 'start', 'context': [<snowplow_tracker.self_describing_json.SelfDescribingJson object at 0x000001252D7EA7B0>, <snowplow_tracker.self_describing_json.SelfDescribingJson object at 0x000001252FE5BED0>, <snowplow_tracker.self_describing_json.SelfDescribingJson object at 0x000001252FE5BB10>]}


============================== 16:11:13.611003 | bd632c68-3dc5-468e-a6e0-72cc208889af ==============================
[0m16:11:13.611003 [info ] [MainThread]: Running with dbt=1.12.5
[0m16:11:13.612112 [debug] [MainThread]: running dbt with arguments {'version_check': 'True', 'no_print': 'None', 'maximum_seed_size_mib': '1', 'warn_error_options': 'WarnErrorOptionsV2(error=[], warn=[], silence=[])', 'static_parser': 'True', 'target_path': 'None', 'printer_width': '80', 'write_json': 'True', 'empty': 'False', 'log_cache_events': 'False', 'introspect': 'True', 'cache_selected_only': 'False', 'log_format': 'default', 'debug': 'False', 'fail_fast': 'False', 'profiles_dir': 'C:\\Users\\Aditya\\.dbt', 'send_anonymous_usage_stats': 'True', 'quiet': 'False', 'warn_error': 'None', 'partial_parse': 'True', 'invocation_command': 'dbt run', 'hints_enabled': 'True', 'indirect_selection': 'eager', 'use_experimental_parser': 'False', 'use_colors': 'True', 'log_path': 'logs'}
[0m16:11:13.612883 [error] [MainThread]: [[31mERROR[0m]: Encountered an error:
Runtime Error
  No dbt_project.yml found at expected path C:\Users\Aditya\OneDrive\Desktop\Practice\RAG-Quality-Analytics\dbt_project.yml
  Verify that each entry within packages.yml (and their transitive dependencies) contains a file named dbt_project.yml
  
[0m16:11:13.614370 [debug] [MainThread]: Command `dbt run` failed at 16:11:13.614188 after 0.23 seconds
[0m16:11:13.614851 [debug] [MainThread]: Sending event: {'category': 'dbt', 'action': 'invocation', 'label': 'end', 'context': [<snowplow_tracker.self_describing_json.SelfDescribingJson object at 0x000001252FE8D5B0>, <snowplow_tracker.self_describing_json.SelfDescribingJson object at 0x000001252FE95910>, <snowplow_tracker.self_describing_json.SelfDescribingJson object at 0x000001252FEA56A0>]}
[0m16:11:13.615335 [debug] [MainThread]: Flushing usage events
[0m16:11:16.337339 [debug] [MainThread]: An error was encountered while trying to flush usage events
[0m16:11:27.823314 [debug] [MainThread]: Sending event: {'category': 'dbt', 'action': 'invocation', 'label': 'start', 'context': [<snowplow_tracker.self_describing_json.SelfDescribingJson object at 0x0000022C2532A7B0>, <snowplow_tracker.self_describing_json.SelfDescribingJson object at 0x0000022C2799FED0>, <snowplow_tracker.self_describing_json.SelfDescribingJson object at 0x0000022C2799FB10>]}


============================== 16:11:27.831801 | 4d60e251-8383-4184-9199-9c7da962a124 ==============================
[0m16:11:27.831801 [info ] [MainThread]: Running with dbt=1.12.5
[0m16:11:27.832840 [debug] [MainThread]: running dbt with arguments {'version_check': 'True', 'no_print': 'None', 'maximum_seed_size_mib': '1', 'warn_error_options': 'WarnErrorOptionsV2(error=[], warn=[], silence=[])', 'target_path': 'None', 'static_parser': 'True', 'printer_width': '80', 'write_json': 'True', 'empty': 'None', 'log_cache_events': 'False', 'introspect': 'True', 'cache_selected_only': 'False', 'fail_fast': 'False', 'debug': 'False', 'log_format': 'default', 'profiles_dir': 'C:\\Users\\Aditya\\.dbt', 'send_anonymous_usage_stats': 'True', 'quiet': 'False', 'warn_error': 'None', 'partial_parse': 'True', 'indirect_selection': 'eager', 'hints_enabled': 'True', 'invocation_command': 'dbt test', 'use_experimental_parser': 'False', 'use_colors': 'True', 'log_path': 'logs'}
[0m16:11:27.833661 [error] [MainThread]: [[31mERROR[0m]: Encountered an error:
Runtime Error
  No dbt_project.yml found at expected path C:\Users\Aditya\OneDrive\Desktop\Practice\RAG-Quality-Analytics\dbt_project.yml
  Verify that each entry within packages.yml (and their transitive dependencies) contains a file named dbt_project.yml
  
[0m16:11:27.834717 [debug] [MainThread]: Command `dbt test` failed at 16:11:27.834611 after 0.28 seconds
[0m16:11:27.835016 [debug] [MainThread]: Sending event: {'category': 'dbt', 'action': 'invocation', 'label': 'end', 'context': [<snowplow_tracker.self_describing_json.SelfDescribingJson object at 0x0000022C279CD5B0>, <snowplow_tracker.self_describing_json.SelfDescribingJson object at 0x0000022C279D5910>, <snowplow_tracker.self_describing_json.SelfDescribingJson object at 0x0000022C279DD6A0>]}
[0m16:11:27.835279 [debug] [MainThread]: Flushing usage events
[0m16:11:29.572674 [debug] [MainThread]: An error was encountered while trying to flush usage events
